To honour the JVM settings for this build a single-use Daemon process will be forked. For more on this, please refer to https://docs.gradle.org/8.13/userguide/gradle_daemon.html#sec:disabling_the_daemon in the Gradle documentation.
Daemon will be stopped at the end of the build 
> Task :app:checkKotlinGradlePluginConfigurationErrors
> Task :app:preBuild UP-TO-DATE
> Task :app:preStandardDebugBuild UP-TO-DATE
> Task :app:generateStandardDebugBuildConfig UP-TO-DATE
> Task :app:checkStandardDebugAarMetadata UP-TO-DATE
> Task :app:processStandardDebugNavigationResources UP-TO-DATE
> Task :app:compileStandardDebugNavigationResources UP-TO-DATE
> Task :app:generateStandardDebugResValues UP-TO-DATE
> Task :app:injectCrashlyticsMappingFileIdStandardDebug UP-TO-DATE
> Task :app:processStandardDebugGoogleServices UP-TO-DATE
> Task :app:mapStandardDebugSourceSetPaths UP-TO-DATE
> Task :app:generateStandardDebugResources UP-TO-DATE
> Task :app:mergeStandardDebugResources UP-TO-DATE
> Task :app:packageStandardDebugResources UP-TO-DATE
> Task :app:parseStandardDebugLocalResources UP-TO-DATE
> Task :app:createStandardDebugCompatibleScreenManifests UP-TO-DATE
> Task :app:extractDeepLinksStandardDebug UP-TO-DATE
> Task :app:processStandardDebugMainManifest UP-TO-DATE
> Task :app:processStandardDebugManifest UP-TO-DATE
> Task :app:processStandardDebugManifestForPackage UP-TO-DATE
> Task :app:processStandardDebugResources UP-TO-DATE
> Task :app:kaptGenerateStubsStandardDebugKotlin
> Task :app:kaptStandardDebugKotlin UP-TO-DATE

> Task :app:compileStandardDebugKotlin
w: file:///Users/yu-ga/Documents/GitHub/OpenClawAssistant/app/src/main/java/com/openclaw/assistant/ui/chat/ChatViewModel.kt:500:13 Variable 'attachmentsToProcess' is never used

[Incubating] Problems report is available at: file:///Users/yu-ga/Documents/GitHub/OpenClawAssistant/build/reports/problems/problems-report.html

Deprecated Gradle features were used in this build, making it incompatible with Gradle 9.0.

You can use '--warning-mode all' to show the individual deprecation warnings and determine if they come from your own scripts or plugins.

For more on this, please refer to https://docs.gradle.org/8.13/userguide/command_line_interface.html#sec:command_line_warnings in the Gradle documentation.

BUILD SUCCESSFUL in 23s
22 actionable tasks: 3 executed, 19 up-to-date
