To honour the JVM settings for this build a single-use Daemon process will be forked. For more on this, please refer to https://docs.gradle.org/8.13/userguide/gradle_daemon.html#sec:disabling_the_daemon in the Gradle documentation.
Daemon will be stopped at the end of the build 
> Task :app:checkKotlinGradlePluginConfigurationErrors
> Task :app:preBuild UP-TO-DATE
> Task :app:preStandardDebugBuild UP-TO-DATE
> Task :app:generateStandardDebugBuildConfig UP-TO-DATE
> Task :app:checkStandardDebugAarMetadata UP-TO-DATE
> Task :app:processStandardDebugNavigationResources UP-TO-DATE
> Task :app:compileStandardDebugNavigationResources UP-TO-DATE
> Task :app:generateStandardDebugResValues UP-TO-DATE
> Task :app:injectCrashlyticsMappingFileIdStandardDebug UP-TO-DATE
> Task :app:processStandardDebugGoogleServices UP-TO-DATE
> Task :app:mapStandardDebugSourceSetPaths UP-TO-DATE
> Task :app:generateStandardDebugResources UP-TO-DATE
> Task :app:mergeStandardDebugResources UP-TO-DATE
> Task :app:packageStandardDebugResources UP-TO-DATE
> Task :app:parseStandardDebugLocalResources UP-TO-DATE
> Task :app:createStandardDebugCompatibleScreenManifests UP-TO-DATE
> Task :app:extractDeepLinksStandardDebug UP-TO-DATE
> Task :app:processStandardDebugMainManifest UP-TO-DATE
> Task :app:processStandardDebugManifest UP-TO-DATE
> Task :app:processStandardDebugManifestForPackage UP-TO-DATE
> Task :app:processStandardDebugResources UP-TO-DATE
> Task :app:kaptGenerateStubsStandardDebugKotlin
> Task :app:kaptStandardDebugKotlin

> Task :app:compileStandardDebugKotlin
e: file:///Users/yu-ga/Documents/GitHub/OpenClawAssistant/app/src/main/java/com/openclaw/assistant/ChatActivity.kt:268:9 Conflicting declarations: val listState: LazyListState, val listState: LazyListState
e: file:///Users/yu-ga/Documents/GitHub/OpenClawAssistant/app/src/main/java/com/openclaw/assistant/ChatActivity.kt:269:9 Conflicting declarations: val keyboardController: SoftwareKeyboardController?, val keyboardController: SoftwareKeyboardController?
e: file:///Users/yu-ga/Documents/GitHub/OpenClawAssistant/app/src/main/java/com/openclaw/assistant/ChatActivity.kt:275:21 Unresolved reference: rememberLauncherForActivityResult
e: file:///Users/yu-ga/Documents/GitHub/OpenClawAssistant/app/src/main/java/com/openclaw/assistant/ChatActivity.kt:275:104 Cannot infer a type for this parameter. Please specify it explicitly.
e: file:///Users/yu-ga/Documents/GitHub/OpenClawAssistant/app/src/main/java/com/openclaw/assistant/ChatActivity.kt:278:51 Cannot infer a type for this parameter. Please specify it explicitly.
e: file:///Users/yu-ga/Documents/GitHub/OpenClawAssistant/app/src/main/java/com/openclaw/assistant/ChatActivity.kt:305:9 Conflicting declarations: val listState: LazyListState, val listState: LazyListState
e: file:///Users/yu-ga/Documents/GitHub/OpenClawAssistant/app/src/main/java/com/openclaw/assistant/ChatActivity.kt:306:9 Conflicting declarations: val keyboardController: SoftwareKeyboardController?, val keyboardController: SoftwareKeyboardController?
e: file:///Users/yu-ga/Documents/GitHub/OpenClawAssistant/app/src/main/java/com/openclaw/assistant/ChatActivity.kt:852:77 Unresolved reference: AttachFile
e: file:///Users/yu-ga/Documents/GitHub/OpenClawAssistant/app/src/main/java/com/openclaw/assistant/ChatActivity.kt:919:14 Unresolved reference: androidx

> Task :app:compileStandardDebugKotlin FAILED

[Incubating] Problems report is available at: file:///Users/yu-ga/Documents/GitHub/OpenClawAssistant/build/reports/problems/problems-report.html

FAILURE: Build failed with an exception.

* What went wrong:
Execution failed for task ':app:compileStandardDebugKotlin'.
> A failure occurred while executing org.jetbrains.kotlin.compilerRunner.GradleCompilerRunnerWithWorkers$GradleKotlinCompilerWorkAction
   > Compilation error. See log for more details

* Try:
> Run with --stacktrace option to get the stack trace.
> Run with --info or --debug option to get more log output.
> Run with --scan to get full insights.
> Get more help at https://help.gradle.org.

Deprecated Gradle features were used in this build, making it incompatible with Gradle 9.0.

You can use '--warning-mode all' to show the individual deprecation warnings and determine if they come from your own scripts or plugins.

For more on this, please refer to https://docs.gradle.org/8.13/userguide/command_line_interface.html#sec:command_line_warnings in the Gradle documentation.

BUILD FAILED in 17s
22 actionable tasks: 4 executed, 18 up-to-date
